refined 5120
refined 10240
cheb 96 {'max_full': 1.5207508354819765e-06, 'rms_full': 1.939942519270509e-08, 'max_table': 1.1287858914243998e-07, 'four_decimal_changed_full': 0, 'four_decimal_changed_table': 0, 'max_location_t_rindex': [1, 20]}
cheb 160 {'max_full': 1.5206763634978415e-06, 'rms_full': 1.9389869608160238e-08, 'max_table': 1.1288021672939408e-07, 'four_decimal_changed_full': 0, 'four_decimal_changed_table': 0, 'max_location_t_rindex': [1, 20]}
cheb 240 {'max_full': 1.5206492189889786e-06, 'rms_full': 1.9400634505660348e-08, 'max_table': 1.1288000356657335e-07, 'four_decimal_changed_full': 0, 'four_decimal_changed_table': 0, 'max_location_t_rindex': [1, 20]}
{
  "further_refinement": [
    {
      "n_coarse": 5120,
      "n_fine": 10240,
      "T": {
        "max_full": 2.2464210047701272e-08,
        "rms_full": 4.956040221651816e-09,
        "max_table": 2.2464210047701272e-08,
        "four_decimal_changed_full": 1,
        "four_decimal_changed_table": 0,
        "max_location_t_rindex": [
          300,
          20
        ]
      },
      "C": {
        "max_full": 4.564161317777149e-06,
        "rms_full": 5.825908933112016e-08,
        "max_table": 3.392252461154044e-07,
        "four_decimal_changed_full": 4,
        "four_decimal_changed_table": 0,
        "max_location_t_rindex": [
          1,
          20
        ]
      }
    }
  ],
  "production_time_precision": {
    "T": {
      "max_full": 5.031992600379454e-10,
      "rms_full": 6.582557384658414e-11,
      "max_table": 1.7409718111593975e-10,
      "four_decimal_changed_full": 0,
      "four_decimal_changed_table": 0,
      "max_location_t_rindex": [
        1323,
        20
      ]
    },
    "C": {
      "max_full": 8.150413677299184e-11,
      "rms_full": 7.233389314406393e-12,
      "max_table": 3.183764363257069e-11,
      "four_decimal_changed_full": 0,
      "four_decimal_changed_table": 0,
      "max_location_t_rindex": [
        1,
        20
      ]
    }
  },
  "independent_nonlinear_collocation": {
    "N96_vs_N160": {
      "max_full": 2.54299914459466e-10,
      "rms_full": 4.6552895087200444e-11,
      "max_table": 1.6029644278603428e-10,
      "four_decimal_changed_full": 0,
      "four_decimal_changed_table": 0,
      "max_location_t_rindex": [
        1387,
        20
      ]
    },
    "N160_vs_N240": {
      "max_full": 5.165852190458509e-10,
      "rms_full": 9.676631999655501e-11,
      "max_table": 4.2706305158901614e-10,
      "four_decimal_changed_full": 0,
      "four_decimal_changed_table": 0,
      "max_location_t_rindex": [
        859,
        20
      ]
    },
    "fv10240_vs_N240": {
      "max_full": 1.5206492189889786e-06,
      "rms_full": 1.9400634505660348e-08,
      "max_table": 1.1288000356657335e-07,
      "four_decimal_changed_full": 0,
      "four_decimal_changed_table": 0,
      "max_location_t_rindex": [
        1,
        20
      ]
    },
    "settings": {
      "N": 240,
      "rtol": 3e-11,
      "atol": 3e-13,
      "accepted_steps": 1671,
      "nfev": 3378,
      "method": "Independent Chebyshev collocation, algebraic surface Robin, BDF"
    }
  },
  "2d_heat_refinement": {
    "200_vs_400_midplane_max_K": 9.675657608454458e-08,
    "200_vs_400_all_max_K": 8.057831763608192e-06,
    "400_midplane_vs_production_K": 6.278087738564864e-08,
    "average_2d_1800": 35.427297851703,
    "end_center_1800": 37.27243632795335,
    "end_corner_1800": 38.91976482521783
  },
  "production_actual_thermal_analytic": {
    "max_full": 7.86582532441571e-09,
    "rms_full": 1.6693248756563615e-09,
    "max_table": 7.86582532441571e-09,
    "four_decimal_changed_full": 0,
    "four_decimal_changed_table": 0,
    "max_location_t_rindex": [
      300,
      20
    ]
  }
}
