Traceback (most recent call last):
  File "D:\Desktop\CUMCM26\review_q123_physics_20260911\runtime\audit_runtime.py", line 124, in <module>
    scenarios.run(cp,candidate/'inputs/attachment1.xlsx','mean',scenario_path)
    ~~~~~~~~~~~~~^^^^^^^^^^^^^^^^^^^^^^^^^^^^^^^^^^^^^^^^^^^^^^^^^^^^^^^^^^^^^
  File "D:\Desktop\CUMCM26\review_q123_physics_20260911\runtime\candidate_51mekupf\q3_refinement_delivery\source\future_scenarios_from_checkpoint.py", line 44, in run
ValueError: Checkpoint grid mismatch

During handling of the above exception, another exception occurred:

Traceback (most recent call last):
  File "C:\Users\libai\AppData\Local\Programs\Python\Python313\Lib\shutil.py", line 625, in _rmtree_unsafe
    os.unlink(fullname)
    ~~~~~~~~~^^^^^^^^^^
PermissionError: [WinError 32] 另一个程序正在使用此文件，进程无法访问。: 'D:\\Desktop\\CUMCM26\\review_q123_physics_20260911\\runtime\\candidate_51mekupf\\untrusted_checkpoint.npz'

During handling of the above exception, another exception occurred:

Traceback (most recent call last):
  File "D:\Desktop\CUMCM26\review_q123_physics_20260911\runtime\audit_runtime.py", line 58, in <module>
    with tempfile.TemporaryDirectory(prefix='candidate_',dir=HERE) as tmp:
         ~~~~~~~~~~~~~~~~~~~~~~~~~~~^^^^^^^^^^^^^^^^^^^^^^^^^^^^^^
  File "C:\Users\libai\AppData\Local\Programs\Python\Python313\Lib\tempfile.py", line 951, in __exit__
    self.cleanup()
    ~~~~~~~~~~~~^^
  File "C:\Users\libai\AppData\Local\Programs\Python\Python313\Lib\tempfile.py", line 955, in cleanup
    self._rmtree(self.name, ignore_errors=self._ignore_cleanup_errors)
    ~~~~~~~~~~~~^^^^^^^^^^^^^^^^^^^^^^^^^^^^^^^^^^^^^^^^^^^^^^^^^^^^^^
  File "C:\Users\libai\AppData\Local\Programs\Python\Python313\Lib\tempfile.py", line 935, in _rmtree
    _shutil.rmtree(name, onexc=onexc)
    ~~~~~~~~~~~~~~^^^^^^^^^^^^^^^^^^^
  File "C:\Users\libai\AppData\Local\Programs\Python\Python313\Lib\shutil.py", line 790, in rmtree
    return _rmtree_unsafe(path, onexc)
  File "C:\Users\libai\AppData\Local\Programs\Python\Python313\Lib\shutil.py", line 629, in _rmtree_unsafe
    onexc(os.unlink, fullname, err)
    ~~~~~^^^^^^^^^^^^^^^^^^^^^^^^^^
  File "C:\Users\libai\AppData\Local\Programs\Python\Python313\Lib\tempfile.py", line 910, in onexc
    _os.unlink(path)
    ~~~~~~~~~~^^^^^^
PermissionError: [WinError 32] 另一个程序正在使用此文件，进程无法访问。: 'D:\\Desktop\\CUMCM26\\review_q123_physics_20260911\\runtime\\candidate_51mekupf\\untrusted_checkpoint.npz'
