{
  "source": {
    "checks": [
      {
        "check": "delivery_manifest",
        "passed": true,
        "entries": 81,
        "mismatches": []
      },
      {
        "check": "manifest_coverage",
        "passed": true,
        "files": 82
      },
      {
        "check": "new_delivery_unchanged",
        "passed": true,
        "changed": []
      },
      {
        "check": "source_identity:inputs/attachment1.xlsx",
        "passed": true,
        "original": "A题/附件/附件1.xlsx",
        "sha256": "7ef32870abeef420b89560b2530ff60dfe4255917805151d89988d0311af9dd7"
      },
      {
        "check": "source_identity:inputs/problem.pdf",
        "passed": true,
        "original": "A题/A题.pdf",
        "sha256": "052d8014bff5727c019b72e44fdffaf5c145ce04050dd938baaf3527db331736"
      },
      {
        "check": "source_identity:inputs/result3_blank.xlsx",
        "passed": true,
        "original": "A题/附件/附件3/result3.xlsx",
        "sha256": "07e4793d620a7f899804c0298d49a16a197960440fd47f8bb780c57ec27e2859"
      },
      {
        "check": "source_identity:validation/numeric/reference80_radau_historical.npz",
        "passed": true,
        "original": "q3_final_delivery/validation/reference80.npz",
        "sha256": "4f4c5f0d71322980729003ba7c768e5b1cfd34aa861ff6e49565d5f9c377fd14"
      },
      {
        "check": "source_identity:validation/numeric/reference160_bdf_historical.npz",
        "passed": true,
        "original": "q3_final_delivery/validation/reference160.npz",
        "sha256": "53440ab4a45fc887a1edeba500b25589e84f2ca2a557ca1871d41b04b250f7b4"
      },
      {
        "check": "source_identity:validation/numeric/reference80_official_endpoint_historical.npz",
        "passed": true,
        "original": "q3_final_delivery/validation/reference80_official_endpoint.npz",
        "sha256": "60633c6cc41a11906f42ddf9f0c59a7d1f31910eb9bce27638c7a2678e8eed30"
      },
      {
        "check": "source_identity:validation/numeric/reference160_official_endpoint_historical.npz",
        "passed": true,
        "original": "q3_final_delivery/validation/reference160_official_endpoint.npz",
        "sha256": "5c88f94169eebde19ddeb1b99a79aa5423429ba31ed0d7cb8eb38292dcda036c"
      }
    ],
    "all_pass": true,
    "source_zip_limit": "The archive hash quoted by Pro is retained as provenance; that exact archive is not separately present or verified here. Its retained numerical/input files are compared directly to the repository originals."
  },
  "q1_heat_scale": {
    "scope": "Fresh postprocessing of frozen Q1 solution; no coupled latent-heat PDE run.",
    "solution_sha256": "891a9520497b9b831bf7fe4917a95ec8efd346cc62fd9c6c217ca4906046fe77",
    "additional_assumptions": [
      "820 kg/m3 is initial wet bulk density",
      "fixed dry density 820/(1+2.55)",
      "all outward effective water loss evaporates at the surface",
      "latent heat 2.45 MJ/kg used as a scale estimate"
    ],
    "time_s": 1800.0,
    "dry_density_kg_m3": 230.98591549295776,
    "dry_mass_kg": 0.0725663655195389,
    "water_loss_kg": 0.018609122380912488,
    "latent_J": 45592.349833235596,
    "baseline_sensible_J": 4800.979302361748,
    "baseline_convective_input_1s_trapezoid_J": 4800.978930016514,
    "convective_minus_sensible_J": -0.0003723452336998889,
    "latent_to_sensible": 9.496468733120206,
    "latent_to_baseline_convective_input": 9.496469469629348,
    "lambda_temperature_range_20_50_C_J_kg": [
      2453780.0,
      2382950.0
    ],
    "conditional_air_check": {
      "assumptions": [
        "air value is kg vapor/kg dry air",
        "pressure 101.325 kPa",
        "FAO Tetens approximation"
      ],
      "pv_kPa": 5.115635138126608,
      "dew_point_C": 33.300774857479055,
      "historical_latent_only_surface_C": 11.902627810118135,
      "saturation_pressure_at_that_surface_kPa": 1.3935838234368583
    },
    "interpretation": "The latent estimate exceeds baseline heating, so omission is not demonstrably small under these assumptions. After coupling, both evaporation and surface temperature/convective heat change; baseline heating is not a fixed available-energy ceiling. A temperature below the conditional dew point with persistent outward evaporation diagnoses incompatible closures, not proof that latent heat is negligible."
  }
}
