radiation n=160 epsilon=0.0 last=[33.57534251 36.78555612]
radiation n=160 epsilon=1.0 last=[34.17972891 37.59507299]
radiation n=320 epsilon=0.0 last=[33.57534425 36.78555929]
radiation n=320 epsilon=1.0 last=[34.17972949 37.59507448]
{
  "attachment2": {
    "read_level": "first two original numeric rows decoded from ZIP entry prefix; not full workbook CRC",
    "cells": {
      "A2": "0",
      "B2": "2",
      "A3": "1800",
      "B3": "1.873"
    },
    "radius_decrease_percent": 6.35,
    "area_volume_decrease_percent_fixed_L": 12.296775000000004,
    "geometric_time_scale_ratio_fixed_D": 0.87703225,
    "surface_displacement_mm": 1.2700000000000002,
    "displacement_over_initial_moisture_length": 0.4259975420408179
  },
  "latent_recalculation": {
    "additional_assumptions": [
      "rho=initial wet bulk density",
      "fixed uniform dry density",
      "all effective loss evaporates at side",
      "lambda=2.45 MJ/kg"
    ],
    "rho_d_kg_m3": 230.98591549295776,
    "volume_m3": 0.0003141592653589793,
    "side_area_m2": 0.031415926535897934,
    "dry_mass_kg": 0.07256636551953889,
    "average_C_1800": 2.293557194194852,
    "average_T_1800": 35.16791358023219,
    "water_loss_kg": 0.018609122380912484,
    "latent_J": 45592.34983323559,
    "baseline_sensible_J": 4800.979302361747,
    "ratio": 9.496468733120206,
    "mean_latent_flux_W_m2": 806.2497603482659,
    "initial_latent_flux_W_m2": 1145.5804687323944,
    "water_loss_fraction_initial_wet_mass": 0.07223741008595713,
    "rho_wet_average_1800_if_mass_consistent": 760.7653237295151
  },
  "conditional_psychrometric": {
    "assumptions": [
      "environment=kg_vapour/kg_dry_air",
      "p=101.325 kPa",
      "ideal-gas moist air",
      "FAO56 Tetens saturation pressure"
    ],
    "states": [
      {
        "time_s": 0.0,
        "air_C": 28.0,
        "assumed_humidity_ratio": 0.01963,
        "pv_kPa": 3.100198340022601,
        "dew_C": 24.63847262460968,
        "RH_percent": 82.01734004289413
      },
      {
        "time_s": 1800.0,
        "air_C": 41.513,
        "assumed_humidity_ratio": 0.03307,
        "pv_kPa": 5.115635138126608,
        "dew_C": 33.300774857479055,
        "RH_percent": 64.01351133367803
      }
    ],
    "p_sat_11p9_C_kPa": 1.3933421778648425,
    "p_sat_baseline_surface_1800_kPa": 6.20189474187879,
    "baseline_minimum_aw_for_evaporation_at_1800": 0.8248503644511851
  },
  "radiation_scale": {
    "assumptions": [
      "Tw=Tair",
      "epsilon=1",
      "large black enclosure/unit view factor"
    ],
    "hr_W_m2K": 6.90891032849669,
    "hr_over_hT": 0.2763564131398676,
    "rad_flux_W_m2": 32.661456650231905,
    "conv_flux_W_m2": 118.1859913404706
  },
  "radiation_scenario": {
    "n_intervals": 320,
    "rtol": 2e-10,
    "atol": 2e-12,
    "max_step_s": 5,
    "elapsed_s": 1.4783900969999877,
    "no_radiation_center_surface_1800": [
      33.5753442451864,
      36.785559294604994
    ],
    "epsilon1_center_surface_1800": [
      34.17972949028399,
      37.59507447683119
    ],
    "delta_center_surface_1800": [
      0.6043852450975891,
      0.8095151822261997
    ],
    "max_field_temperature_change_K": 0.8095151822261997,
    "radiation_160_vs_320_max_K": 2.4451058667551706e-05,
    "radiation_effect_160_vs_320_max_K": 2.99567923889299e-06,
    "no_radiation_vs_delivered_max_K": 7.652208608988076e-06,
    "moisture_effect_in_decoupled_baseline": "identically zero by structure; not an experimental conclusion"
  }
}
